// Vitest Snapshot v1, https://vitest.dev/guide/snapshot.html

exports[`<Sell /> > renders correctly and matches snapshot 1`] = `
<div>
  <div
    class="flex flex-col w-full"
    data-testid="pulse-sell-component"
  >
    <div
      class="m-2.5 bg-[#121116] min-h-[100px] rounded-lg"
    >
      <div
        class="flex items-center p-3"
      >
        <button
          class="flex-shrink-0"
          data-testid="pulse-sell-token-selector"
          type="button"
        >
          <div
            class="relative w-[113px] h-[36px] bg-[#1E1D24] rounded-[6px] shrink-0"
            data-testid="pulse-sell-token-selected-1-Test Token"
          >
            <div
              class="absolute left-[6px] top-[6px] w-[24px] h-[24px]"
            >
              <img
                alt="Main"
                class="w-full h-full rounded-full"
                src="test-logo.png"
              />
              <img
                alt="Chain Logo"
                class="w-2.5 h-2.5 absolute -bottom-0.5 -right-0.5 rounded-full ring-1 ring-[#1E1D24]"
                src="/src/assets/images/logo-ethereum.png"
              />
            </div>
            <div
              class="absolute left-[36px] top-[6px] flex items-center gap-[4px] max-w-[90px]"
            >
              <p
                class="font-normal text-[12px] leading-[12px] tracking-[-0.02em] text-white truncate shrink-0 max-w-[50px]"
                data-testid="pulse-sell-token-selector-symbol"
              >
                TEST
              </p>
              <p
                class="font-normal text-[12px] leading-[12px] tracking-[-0.02em] text-white opacity-30 truncate block"
                data-testid="pulse-sell-token-selector-name"
              >
                Test Token
              </p>
            </div>
            <div
              class="absolute left-[36px] top-[20px] flex items-center gap-[6px]"
            >
              <p
                class="font-normal text-[10px] leading-[10px] tracking-[-0.02em] text-white opacity-50"
                data-testid="pulse-sell-token-selector-price"
              >
                $
                100
              </p>
              <div
                class="flex items-center gap-[2px]"
              >
                <div
                  class="w-0 h-0 border-l-[4px] border-l-transparent border-r-[4px] border-r-transparent border-b-[6px] border-b-[#5CFF93] opacity-50"
                />
                <p
                  class="font-normal text-[10px] leading-[10px] tracking-[-0.02em] opacity-50 text-[#5CFF93]"
                >
                  0.05
                  %
                </p>
              </div>
            </div>
            <div
              class="absolute right-[12px] top-[15px]"
            >
              <img
                alt="arrow-down"
                class="w-[12px] h-[6px] opacity-50"
                src="data:image/svg+xml,%3csvg%20width='10'%20height='6'%20viewBox='0%200%2010%206'%20fill='none'%20xmlns='http://www.w3.org/2000/svg'%3e%3cpath%20opacity='0.5'%20d='M1%201L4.64645%204.64645C4.84171%204.84171%205.15829%204.84171%205.35355%204.64645L9%201'%20stroke='white'%20stroke-width='1.25'%20stroke-linecap='round'%20stroke-linejoin='round'/%3e%3c/svg%3e"
              />
            </div>
          </div>
        </button>
        <div
          class="flex flex-1 max-w-60 desktop:w-60 tablet:w-60 mobile:w-56 xs:w-auto items-right ml-auto"
        >
          <div
            class="flex items-center flex-1 desktop:w-60 tablet:w-60 mobile:w-56 xs:w-auto text-right justify-end bg-transparent outline-none pr-0 h-9"
          >
            <input
              class="no-spinner flex mobile:text-4xl xs:text-4xl desktop:text-4xl tablet:text-4xl font-medium text-right flex-1 desktop:w-40 tablet:w-40 mobile:w-32 xs:w-full"
              data-testid="pulse-sell-amount-input"
              placeholder="0.00"
              type="text"
              value=""
            />
            <div
              class="relative flex-shrink-0 max-w-[80px]"
            >
              <p
                class="text-[#FFFFFF4D] flex ml-1 mobile:text-4xl xs:text-4xl desktop:text-4xl tablet:text-4xl overflow-hidden font-medium whitespace-nowrap cursor-help max-w-full text-clip"
                data-testid="pulse-sell-token-symbol"
              >
                TES
              </p>
            </div>
          </div>
        </div>
      </div>
      <div
        class="flex justify-between items-center p-3"
      >
        <div
          class="flex"
        />
        <div
          class="flex items-center"
        >
          <img
            alt="TEST"
            class="w-2.5 h-2.5 rounded-full"
            data-testid="pulse-sell-token-logo"
            src="test-logo.png"
          />
          <div
            class="text-[#8A77FF] ml-1 text-xs items-center"
            data-testid="pulse-sell-token-balance"
          >
            <span
              class="flex items-center justify-end gap-1"
            >
              <p
                class="text-white"
              >
                100.5
              </p>
               TEST
              ($
              10050.00
              )
            </span>
          </div>
        </div>
      </div>
    </div>
    <div
      class="flex w-full"
      data-testid="pulse-sell-percentage-buttons"
    >
      <div
        class="flex bg-black ml-2.5 mr-2.5 w-[75px] h-[30px] rounded-[10px] p-0.5 pb-1 pt-0.5"
      >
        <button
          class="flex-1 items-center justify-center rounded-[10px] bg-[#121116] text-white cursor-pointer"
          data-testid="pulse-sell-percentage-button-10%"
          type="button"
        >
          <span
            class="font-normal text-center opacity-50 text-sm"
          >
            10%
          </span>
        </button>
      </div>
      <div
        class="flex bg-black ml-2.5 mr-2.5 w-[75px] h-[30px] rounded-[10px] p-0.5 pb-1 pt-0.5"
      >
        <button
          class="flex-1 items-center justify-center rounded-[10px] bg-[#121116] text-white cursor-pointer"
          data-testid="pulse-sell-percentage-button-25%"
          type="button"
        >
          <span
            class="font-normal text-center opacity-50 text-sm"
          >
            25%
          </span>
        </button>
      </div>
      <div
        class="flex bg-black ml-2.5 mr-2.5 w-[75px] h-[30px] rounded-[10px] p-0.5 pb-1 pt-0.5"
      >
        <button
          class="flex-1 items-center justify-center rounded-[10px] bg-[#121116] text-white cursor-pointer"
          data-testid="pulse-sell-percentage-button-50%"
          type="button"
        >
          <span
            class="font-normal text-center opacity-50 text-sm"
          >
            50%
          </span>
        </button>
      </div>
      <div
        class="flex bg-black ml-2.5 mr-2.5 w-[75px] h-[30px] rounded-[10px] p-0.5 pb-1 pt-0.5"
      >
        <button
          class="flex-1 items-center justify-center rounded-[10px] bg-[#121116] text-white cursor-pointer"
          data-testid="pulse-sell-percentage-button-75%"
          type="button"
        >
          <span
            class="font-normal text-center opacity-50 text-sm"
          >
            75%
          </span>
        </button>
      </div>
    </div>
    <div
      class="flex w-auto h-[50px] rounded-[10px] bg-black p-[2px_2px_6px_2px] m-2.5"
      data-testid="pulse-sell-button-container"
    >
      <button
        class="flex-1 items-center justify-center font-medium text-base"
        data-testid="pulse-sell-button"
        disabled=""
        style="background-color: rgb(41, 41, 47); color: grey; border-radius: 8px;"
        type="button"
      >
        Sell TEST
      </button>
    </div>
  </div>
</div>
`;
